<html>
<body>
<pre>
<h1>µVision Build Log</h1>
<h2>Tool Versions:</h2>
IDE-Version: µVision V5.26.2.0
Copyright (C) 2018 ARM Ltd and ARM Germany GmbH. All rights reserved.
License Information: Félix Ozcoz, Universidad de Zaragoza, LIC=----
 
Tool Versions:
Toolchain:       MDK-Lite  Version: 5.26.2.0
Toolchain Path:  C:\Keil_v5\ARM\ARMCC\Bin
C Compiler:      Armcc.exe V5.06 update 6 (build 750)
Assembler:       Armasm.exe V5.06 update 6 (build 750)
Linker/Locator:  ArmLink.exe V5.06 update 6 (build 750)
Library Manager: ArmAr.exe V5.06 update 6 (build 750)
Hex Converter:   FromElf.exe V5.06 update 6 (build 750)
CPU DLL:         SARM.DLL V5.26.2.0
Dialog DLL:      DARMP.DLL V1.53.0.0
Target DLL:      UL2ARM.DLL V1.74.10.0
Dialog DLL:      TARMP.DLL V1.53.0.0
 
<h2>Project:</h2>
C:\Users\felix\OneDrive\Escritorio\Universidad\PH\Proyecto-Hardware\Prac1\fuentes\conectaK_2023.uvproj
Project File Date:  11/03/2023

<h2>Output:</h2>
*** Using Compiler 'V5.06 update 6 (build 750)', folder: 'C:\Keil_v5\ARM\ARMCC\Bin'
Rebuild target 'Target 1'
assembling Startup.s...
compiling main.c...
compiling temporizador_hal.c...
compiling boton_eint0.c...
assembling conecta_K_hay_linea_arm_c.s...
compiling Power_management.c...
keil_ejemplo_perifericos\keil_reversi\Power_management.c(7): warning:  #223-D: function "Switch_to_PLL" declared implicitly
  	Switch_to_PLL();
keil_ejemplo_perifericos\keil_reversi\Power_management.c: 1 warning, 0 errors
compiling planificador.c...
assembling conecta_K_buscar_alineamiento_arm_iterativo.s...
compiling temporizador_drv.c...
assembling conecta_K_hay_linea_arm_arm.s...
assembling conecta_K_buscar_alineamiento_arm.s...
compiling entrada.c...
compiling power.c...
compiling cola_FIFO.c...
compiling hello_world.c...
compiling tablero.c...
compiling Retarget.c...
compiling conecta_K_2023.c...
linking...
Program Size: Code=2648 RO-data=36 RW-data=40 ZI-data=2656  
".\Objects\conecta_K_2023.axf" - 0 Error(s), 1 Warning(s).
Build Time Elapsed:  00:00:02
</pre>
</body>
</html>
