<html>
<body>
<pre>
<h1>µVision Build Log</h1>
<h2>Tool Versions:</h2>
IDE-Version: µVision V5.26.2.0
Copyright (C) 2018 ARM Ltd and ARM Germany GmbH. All rights reserved.
License Information: Félix Ozcoz, Universidad de Zaragoza, LIC=----
 
Tool Versions:
Toolchain:       MDK-Lite  Version: 5.26.2.0
Toolchain Path:  C:\Keil_v5\ARM\ARMCC\Bin
C Compiler:      Armcc.exe V5.06 update 6 (build 750)
Assembler:       Armasm.exe V5.06 update 6 (build 750)
Linker/Locator:  ArmLink.exe V5.06 update 6 (build 750)
Library Manager: ArmAr.exe V5.06 update 6 (build 750)
Hex Converter:   FromElf.exe V5.06 update 6 (build 750)
CPU DLL:         SARM.DLL V5.26.2.0
Dialog DLL:      DARMP.DLL V1.53.0.0
Target DLL:      UL2ARM.DLL V1.74.10.0
Dialog DLL:      TARMP.DLL V1.53.0.0
 
<h2>Project:</h2>
C:\Users\felix\OneDrive\Escritorio\Universidad\PH\Proyecto-Hardware\Prac1\fuentes\keil_ejemplo_perifericos\keil_reversi\keil_reversi.uvproj
Project File Date:  11/27/2023

<h2>Output:</h2>
*** Using Compiler 'V5.06 update 6 (build 750)', folder: 'C:\Keil_v5\ARM\ARMCC\Bin'
Rebuild target 'Simulator'
assembling SWI.s...
compiling Retarget.c...
compiling main.c...
compiling cola_FIFO.c...
compiling test_GPIO.c...
compiling temporizador_hal.c...
compiling int_external_hal.c...
assembling Startup.s...
compiling hello_world.c...
compiling juego.c...
compiling botones.c...
compiling visualizar.c...
compiling test_FIFO.c...
compiling test_alarmas.c...
compiling WD_hal.c...
compiling linea_serie_hal.c...
compiling alarmas.c...
compiling planificador.c...
compiling temporizador_drv.c...
compiling linea_serie_drv.c...
compiling SWI_hal.c...
compiling Power_management.c...
compiling power_hal.c...
linking...
Program Size: Code=4772 RO-data=36 RW-data=80 ZI-data=2656  
".\keil_reversi.axf" - 0 Error(s), 0 Warning(s).
Build Time Elapsed:  00:00:02
</pre>
</body>
</html>
