<html>
<body>
<pre>
<h1>µVision Build Log</h1>
<h2>Tool Versions:</h2>
IDE-Version: µVision V5.26.2.0
Copyright (C) 2018 ARM Ltd and ARM Germany GmbH. All rights reserved.
License Information: Félix Ozcoz, Universidad de Zaragoza, LIC=----
 
Tool Versions:
Toolchain:       MDK-Lite  Version: 5.26.2.0
Toolchain Path:  C:\Keil_v5\ARM\ARMCC\Bin
C Compiler:      Armcc.exe V5.06 update 6 (build 750)
Assembler:       Armasm.exe V5.06 update 6 (build 750)
Linker/Locator:  ArmLink.exe V5.06 update 6 (build 750)
Library Manager: ArmAr.exe V5.06 update 6 (build 750)
Hex Converter:   FromElf.exe V5.06 update 6 (build 750)
CPU DLL:         SARM.DLL V5.26.2.0
Dialog DLL:      DARMP.DLL V1.53.0.0
Target DLL:      UL2ARM.DLL V1.74.10.0
Dialog DLL:      TARMP.DLL V1.53.0.0
 
<h2>Project:</h2>
C:\Users\felix\OneDrive\Escritorio\Universidad\PH\Proyecto-Hardware\Prac1\fuentes\keil_ejemplo_perifericos\keil_reversi\keil_reversi.uvproj
Project File Date:  12/11/2023

<h2>Output:</h2>
*** Using Compiler 'V5.06 update 6 (build 750)', folder: 'C:\Keil_v5\ARM\ARMCC\Bin'
Build target 'Conecta_k'
compiling juego.c...
juego.c(182): warning:  #177-D: variable "i"  was declared but never referenced
  		size_t i;
juego.c(49): warning:  #177-D: variable "pantalla"  was declared but never referenced
  static uint8_t pantalla[NUM_FILAS + 1][NUM_COLUMNAS + 1]; 	// Visualizacion en memoria
juego.c: 2 warnings, 0 errors
linking...
Program Size: Code=16084 RO-data=104 RW-data=332 ZI-data=12860  
".\keil_reversi.axf" - 0 Error(s), 2 Warning(s).
Build Time Elapsed:  00:00:01
</pre>
</body>
</html>
