<html>
<body>
<pre>
<h1>µVision Build Log</h1>
<h2>Tool Versions:</h2>
IDE-Version: µVision V5.26.2.0
Copyright (C) 2018 ARM Ltd and ARM Germany GmbH. All rights reserved.
License Information: Félix Ozcoz, Universidad de Zaragoza, LIC=----
 
Tool Versions:
Toolchain:       MDK-Lite  Version: 5.26.2.0
Toolchain Path:  C:\Keil_v5\ARM\ARMCC\Bin
C Compiler:      Armcc.exe V5.06 update 6 (build 750)
Assembler:       Armasm.exe V5.06 update 6 (build 750)
Linker/Locator:  ArmLink.exe V5.06 update 6 (build 750)
Library Manager: ArmAr.exe V5.06 update 6 (build 750)
Hex Converter:   FromElf.exe V5.06 update 6 (build 750)
CPU DLL:         SARM.DLL V5.26.2.0
Dialog DLL:      DARMP.DLL V1.53.0.0
Target DLL:      UL2ARM.DLL V1.74.10.0
Dialog DLL:      TARMP.DLL V1.53.0.0
 
<h2>Project:</h2>
C:\Users\felix\OneDrive\Escritorio\Universidad\PH\P1\fuentes_2023_v0.2\fuentes_2023_v0.2\conectaK_2023.uvproj
Project File Date:  09/14/2023

<h2>Output:</h2>
*** Using Compiler 'V5.06 update 6 (build 750)', folder: 'C:\Keil_v5\ARM\ARMCC\Bin'
Rebuild target 'Target 1'
compiling tablero.c...
compiling main.c...
assembling Startup.s...
compiling entrada.c...
compiling conecta_K_2023.c...
tablero_test.h(9): warning:  #177-D: variable "tablero_test"  was declared but never referenced
  tablero_test[7][7] =
conecta_K_2023.c: 1 warning, 0 errors
linking...
Program Size: Code=2148 RO-data=32 RW-data=60 ZI-data=1324  
".\Objects\conecta_K_2023.axf" - 0 Error(s), 1 Warning(s).
Build Time Elapsed:  00:00:01
</pre>
</body>
</html>
